../Core/Src/main.c:89:5:main	16	static
../Core/Src/main.c:235:6:SystemClock_Config	88	static
../Core/Src/main.c:277:13:MX_CAN1_Init	8	static
../Core/Src/main.c:314:13:MX_CAN2_Init	8	static
../Core/Src/main.c:351:13:MX_USART3_UART_Init	8	static
../Core/Src/main.c:370:13:MX_GPIO_Init	48	static
../Core/Src/main.c:412:6:MX_CAN1_Setup	16	static
../Core/Src/main.c:436:6:MX_CAN2_Setup	16	static
../Core/Src/main.c:461:6:USART3_SendString	16	static
../Core/Src/main.c:472:6:PrintCANLog	40	static
../Core/Src/main.c:503:6:HAL_UART_RxCpltCallback	16	static
../Core/Src/main.c:510:6:delay	16	static
../Core/Src/main.c:515:36:calc_SAE_J1850	24	static
../Core/Src/main.c:637:6:Error_Handler	8	static,ignoring_inline_asm
