../Core/Src/main.c:89:5:main	16	static
../Core/Src/main.c:232:6:SystemClock_Config	88	static
../Core/Src/main.c:274:13:MX_CAN1_Init	8	static
../Core/Src/main.c:311:13:MX_CAN2_Init	8	static
../Core/Src/main.c:348:13:MX_USART3_UART_Init	8	static
../Core/Src/main.c:367:13:MX_GPIO_Init	48	static
../Core/Src/main.c:409:6:MX_CAN1_Setup	16	static
../Core/Src/main.c:433:6:MX_CAN2_Setup	16	static
../Core/Src/main.c:458:6:USART3_SendString	16	static
../Core/Src/main.c:469:6:PrintCANLog	40	static
../Core/Src/main.c:500:6:HAL_UART_RxCpltCallback	16	static
../Core/Src/main.c:507:6:delay	16	static
../Core/Src/main.c:634:6:Error_Handler	8	static,ignoring_inline_asm
